Ôû▓ Next.js 16.2.7 (Turbopack)
- Environments: .env

  Creating an optimized production build ...
node.exe : 
No linha:1 caractere:1
+ & "C:\Program 
Files\nodejs/node.exe" "C:\Program 
Files\nodejs/node_mo ...
+ ~~~~~~~~~~~~~~~~~~~~~~~~~~~~~~~~~~~~
~~~~~~~~~~~~~~~~~~~~~~~~~~~~~~~~~
    + CategoryInfo          : NotSpec 
   ified: (:String) [], RemoteExcept  
  ion
    + FullyQualifiedErrorId : NativeC 
   ommandError
 
> Build error occurred
Error: Turbopack build failed with 5 
errors:
./src/app/page.tsx:6:1
Module not found: Can't resolve 
'framer-motion'
  [90m4 |[0m [36mimport[0m 
[33mHero[0m [36mfrom[0m 
[32m"@/components/hero"[0m;
  [90m5 |[0m [36mimport[0m { 
[33mSALONS[0m, [33mCATEGORIES[0m 
} [36mfrom[0m 
[32m"@/lib/mock-data"[0m;
[31m[1m>[0m [90m6 |[0m 
[36mimport[0m { motion } 
[36mfrom[0m 
[32m"framer-motion"[0m;
  [90m  |[0m [31m[1m^^^^^^^^^^^^^^
^^^^^^^^^^^^^^^^^^^^^^^^^[0m
  [90m7 |[0m
  [90m8 |[0m [36mexport[0m 
[36mdefault[0m [36mfunction[0m 
[33mHome[0m() {
  [90m9 |[0m   [36mreturn[0m (



Import traces:
  Client Component Browser:
    ./src/app/page.tsx [Client 
Component Browser]
    ./src/app/page.tsx [Server 
Component]

  Client Component SSR:
    ./src/app/page.tsx [Client 
Component SSR]
    ./src/app/page.tsx [Server 
Component]

https://nextjs.org/docs/messages/modul
e-not-found


./src/components/hero.tsx:3:1
Module not found: Can't resolve 
'framer-motion'
  [90m1 |[0m [32m"use client"[0m;
  [90m2 |[0m
[31m[1m>[0m [90m3 |[0m 
[36mimport[0m { motion } 
[36mfrom[0m 
[32m"framer-motion"[0m;
  [90m  |[0m [31m[1m^^^^^^^^^^^^^^
^^^^^^^^^^^^^^^^^^^^^^^^^[0m
  [90m4 |[0m [36mimport[0m { 
[33mSearch[0m, [33mMapPin[0m } 
[36mfrom[0m [32m"lucide-react"[0m;
  [90m5 |[0m
  [90m6 |[0m [36mexport[0m 
[36mdefault[0m [36mfunction[0m 
[33mHero[0m() {



Import traces:
  Client Component Browser:
    ./src/components/hero.tsx [Client 
Component Browser]
    ./src/app/page.tsx [Client 
Component Browser]
    ./src/app/page.tsx [Server 
Component]

  Client Component SSR:
    ./src/components/hero.tsx [Client 
Component SSR]
    ./src/app/page.tsx [Client 
Component SSR]
    ./src/app/page.tsx [Server 
Component]

https://nextjs.org/docs/messages/modul
e-not-found


./src/components/navbar.tsx:6:1
Module not found: Can't resolve 
'framer-motion'
  [90m4 |[0m [36mimport[0m 
[33mLink[0m [36mfrom[0m 
[32m"next/link"[0m;
  [90m5 |[0m [36mimport[0m { 
useState } [36mfrom[0m 
[32m"react"[0m;
[31m[1m>[0m [90m6 |[0m 
[36mimport[0m { motion } 
[36mfrom[0m 
[32m"framer-motion"[0m;
  [90m  |[0m [31m[1m^^^^^^^^^^^^^^
^^^^^^^^^^^^^^^^^^^^^^^^^[0m
  [90m7 |[0m
  [90m8 |[0m [36mexport[0m 
[36mdefault[0m [36mfunction[0m 
[33mNavbar[0m() {
  [90m9 |[0m   [36mconst[0m 
[isOpen, setIsOpen] = 
useState([36mfalse[0m);



Import traces:
  Client Component Browser:
    ./src/components/navbar.tsx 
[Client Component Browser]
    ./src/app/page.tsx [Client 
Component Browser]
    ./src/app/page.tsx [Server 
Component]

  Client Component SSR:
    ./src/components/navbar.tsx 
[Client Component SSR]
    ./src/app/page.tsx [Client 
Component SSR]
    ./src/app/page.tsx [Server 
Component]

https://nextjs.org/docs/messages/modul
e-not-found


./src/components/hero.tsx:4:1
Module not found: Can't resolve 
'lucide-react'
  [90m2 |[0m
  [90m3 |[0m [36mimport[0m { 
motion } [36mfrom[0m 
[32m"framer-motion"[0m;
[31m[1m>[0m [90m4 |[0m 
[36mimport[0m { [33mSearch[0m, 
[33mMapPin[0m } [36mfrom[0m 
[32m"lucide-react"[0m;
  [90m  |[0m [31m[1m^^^^^^^^^^^^^^
^^^^^^^^^^^^^^^^^^^^^^^^^^^^^^^^[0m
  [90m5 |[0m
  [90m6 |[0m [36mexport[0m 
[36mdefault[0m [36mfunction[0m 
[33mHero[0m() {
  [90m7 |[0m   [36mreturn[0m (



Import traces:
  Client Component Browser:
    ./src/components/hero.tsx [Client 
Component Browser]
    ./src/app/page.tsx [Client 
Component Browser]
    ./src/app/page.tsx [Server 
Component]

  Client Component SSR:
    ./src/components/hero.tsx [Client 
Component SSR]
    ./src/app/page.tsx [Client 
Component SSR]
    ./src/app/page.tsx [Server 
Component]

https://nextjs.org/docs/messages/modul
e-not-found


./src/components/navbar.tsx:3:1
Module not found: Can't resolve 
'lucide-react'
  [90m1 |[0m [32m"use client"[0m;
  [90m2 |[0m
[31m[1m>[0m [90m3 |[0m 
[36mimport[0m { [33mSearch[0m, 
[33mScissors[0m, [33mMapPin[0m, 
[33mCalendar[0m, [33mMenu[0m, 
[33mUser[0m } [36mfrom[0m 
[32m"lucide-react"[0m;
  [90m  |[0m [31m[1m^^^^^^^^^^^^^^
^^^^^^^^^^^^^^^^^^^^^^^^^^^^^^^^^^^^^^
^^^^^^^^^^^^^^^^^^^^^^^^^^[0m
  [90m4 |[0m [36mimport[0m 
[33mLink[0m [36mfrom[0m 
[32m"next/link"[0m;
  [90m5 |[0m [36mimport[0m { 
useState } [36mfrom[0m 
[32m"react"[0m;
  [90m6 |[0m [36mimport[0m { 
motion } [36mfrom[0m 
[32m"framer-motion"[0m;



Import traces:
  Client Component Browser:
    ./src/components/navbar.tsx 
[Client Component Browser]
    ./src/app/page.tsx [Client 
Component Browser]
    ./src/app/page.tsx [Server 
Component]

  Client Component SSR:
    ./src/components/navbar.tsx 
[Client Component SSR]
    ./src/app/page.tsx [Client 
Component SSR]
    ./src/app/page.tsx [Server 
Component]

https://nextjs.org/docs/messages/modul
e-not-found


    at <unknown> 
(./src/app/page.tsx:6:1)
    at <unknown> (https://nextjs.org/d
ocs/messages/module-not-found)
    at <unknown> 
(./src/components/hero.tsx:3:1)
    at <unknown> (https://nextjs.org/d
ocs/messages/module-not-found)
    at <unknown> 
(./src/components/navbar.tsx:6:1)
    at <unknown> (https://nextjs.org/d
ocs/messages/module-not-found)
    at <unknown> 
(./src/components/hero.tsx:4:1)
    at <unknown> (https://nextjs.org/d
ocs/messages/module-not-found)
    at <unknown> 
(./src/components/navbar.tsx:3:1)
    at <unknown> (https://nextjs.org/d
ocs/messages/module-not-found)
